--------------------------------------------------------------------------------------
Timing Analyzer Summary
--------------------------------------------------------------------------------------

Type           : Worst-case tsu
Slack          : N/A
Required Time  : None
Actual Time    : 1.457 ns
From           : altera_internal_jtag~TMSUTAP
To             : sld_hub:auto_hub|irf_reg[1][3]
From Clock     : --
To Clock       : altera_internal_jtag~TCKUTAP
Failed Paths   : 0

Type           : Worst-case tpd
Slack          : N/A
Required Time  : None
Actual Time    : 2.612 ns
From           : altera_internal_jtag~TDO
To             : altera_reserved_tdo
From Clock     : --
To Clock       : --
Failed Paths   : 0

Type           : Worst-case th
Slack          : N/A
Required Time  : None
Actual Time    : 1.646 ns
From           : altera_internal_jtag~TDIUTAP
To             : sld_hub:auto_hub|tdo_bypass_reg
From Clock     : --
To Clock       : altera_internal_jtag~TCKUTAP
Failed Paths   : 0

Type           : Clock Setup: 'PIN_N2'
Slack          : N/A
Required Time  : None
Actual Time    : 149.16 MHz ( period = 6.704 ns )
From           : nios_system:CPU0|cpu_0:the_cpu_0|F_pc[14]
To             : nios_system:CPU0|onchip_memory2_0:the_onchip_memory2_0|altsyncram:the_altsyncram|altsyncram_c4c1:auto_generated|ram_block1a20~porta_address_reg1
From Clock     : PIN_N2
To Clock       : PIN_N2
Failed Paths   : 0

Type           : Clock Setup: 'altera_internal_jtag~TCKUTAP'
Slack          : N/A
Required Time  : None
Actual Time    : 223.61 MHz ( period = 4.472 ns )
From           : sld_hub:auto_hub|irsr_reg[2]
To             : sld_hub:auto_hub|tdo
From Clock     : altera_internal_jtag~TCKUTAP
To Clock       : altera_internal_jtag~TCKUTAP
Failed Paths   : 0

Type           : Total number of failed paths
Slack          : 
Required Time  : 
Actual Time    : 
From           : 
To             : 
From Clock     : 
To Clock       : 
Failed Paths   : 0

--------------------------------------------------------------------------------------

