Flow report for co2
Thu Dec 02 13:59:12 2010
Quartus II Version 9.1 Build 350 03/24/2010 Service Pack 2 SJ Web Edition


---------------------
; Table of Contents ;
---------------------
  1. Legal Notice
  2. Flow Summary
  3. Flow Settings
  4. Flow Non-Default Global Settings
  5. Flow Elapsed Time
  6. Flow OS Summary
  7. Flow Log



----------------
; Legal Notice ;
----------------
Copyright (C) 1991-2010 Altera Corporation
Your use of Altera Corporation's design tools, logic functions 
and other software and tools, and its AMPP partner logic 
functions, and any output files from any of the foregoing 
(including device programming or simulation files), and any 
associated documentation or information are expressly subject 
to the terms and conditions of the Altera Program License 
Subscription Agreement, Altera MegaCore Function License 
Agreement, or other applicable license agreement, including, 
without limitation, that your use is for the sole purpose of 
programming logic devices manufactured by Altera and sold by 
Altera or its authorized distributors.  Please refer to the 
applicable agreement for further details.



+-----------------------------------------------------------------------------------+
; Flow Summary                                                                      ;
+------------------------------------+----------------------------------------------+
; Flow Status                        ; Successful - Thu Dec 02 13:59:11 2010        ;
; Quartus II Version                 ; 9.1 Build 350 03/24/2010 SP 2 SJ Web Edition ;
; Revision Name                      ; co2                                          ;
; Top-level Entity Name              ; part1                                        ;
; Family                             ; Cyclone II                                   ;
; Device                             ; EP2C35F672C6                                 ;
; Timing Models                      ; Final                                        ;
; Met timing requirements            ; Yes                                          ;
; Total logic elements               ; 2,373 / 33,216 ( 7 % )                       ;
;     Total combinational functions  ; 2,219 / 33,216 ( 7 % )                       ;
;     Dedicated logic registers      ; 1,343 / 33,216 ( 4 % )                       ;
; Total registers                    ; 1351                                         ;
; Total pins                         ; 50 / 475 ( 11 % )                            ;
; Total virtual pins                 ; 0                                            ;
; Total memory bits                  ; 306,816 / 483,840 ( 63 % )                   ;
; Embedded Multiplier 9-bit elements ; 4 / 70 ( 6 % )                               ;
; Total PLLs                         ; 0 / 4 ( 0 % )                                ;
+------------------------------------+----------------------------------------------+


+-----------------------------------------+
; Flow Settings                           ;
+-------------------+---------------------+
; Option            ; Setting             ;
+-------------------+---------------------+
; Start date & time ; 12/02/2010 13:57:19 ;
; Main task         ; Compilation         ;
; Revision Name     ; co2                 ;
+-------------------+---------------------+


+------------------------------------------------------------------------------------------------------------------+
; Flow Non-Default Global Settings                                                                                 ;
+------------------------------------+------------------------------+---------------+-------------+----------------+
; Assignment Name                    ; Value                        ; Default Value ; Entity Name ; Section Id     ;
+------------------------------------+------------------------------+---------------+-------------+----------------+
; COMPILER_SIGNATURE_ID              ; 117629211029.129131983803760 ; --            ; --          ; --             ;
; MAX_CORE_JUNCTION_TEMP             ; 85                           ; --            ; --          ; --             ;
; MIN_CORE_JUNCTION_TEMP             ; 0                            ; --            ; --          ; --             ;
; PARTITION_COLOR                    ; 2147039                      ; --            ; part1       ; Top            ;
; PARTITION_NETLIST_TYPE             ; SOURCE                       ; --            ; part1       ; Top            ;
; SOPC_BUILDER_SIGNATURE_ID          ; 001B630A4A770000012CA8A631C2 ; --            ; --          ; --             ;
; TOP_LEVEL_ENTITY                   ; part1                        ; co2           ; --          ; --             ;
; USE_GENERATED_PHYSICAL_CONSTRAINTS ; Off                          ; --            ; --          ; eda_blast_fpga ;
+------------------------------------+------------------------------+---------------+-------------+----------------+


+-----------------------------------------------------------------------------------------------------------------------------+
; Flow Elapsed Time                                                                                                           ;
+-------------------------+--------------+-------------------------+---------------------+------------------------------------+
; Module Name             ; Elapsed Time ; Average Processors Used ; Peak Virtual Memory ; Total CPU Time (on all processors) ;
+-------------------------+--------------+-------------------------+---------------------+------------------------------------+
; Analysis & Synthesis    ; 00:00:33     ; 1.0                     ; 280 MB              ; 00:00:29                           ;
; Fitter                  ; 00:00:53     ; 1.0                     ; 319 MB              ; 00:00:45                           ;
; Assembler               ; 00:00:08     ; 1.0                     ; 267 MB              ; 00:00:05                           ;
; Classic Timing Analyzer ; 00:00:05     ; 1.0                     ; 191 MB              ; 00:00:04                           ;
; Total                   ; 00:01:39     ; --                      ; --                  ; 00:01:23                           ;
+-------------------------+--------------+-------------------------+---------------------+------------------------------------+


+------------------------------------------------------------------------------------------+
; Flow OS Summary                                                                          ;
+-------------------------+------------------+---------------+------------+----------------+
; Module Name             ; Machine Hostname ; OS Name       ; OS Version ; Processor type ;
+-------------------------+------------------+---------------+------------+----------------+
; Analysis & Synthesis    ; ben-PC           ; Windows Vista ; 6.1        ; x86_64         ;
; Fitter                  ; ben-PC           ; Windows Vista ; 6.1        ; x86_64         ;
; Assembler               ; ben-PC           ; Windows Vista ; 6.1        ; x86_64         ;
; Classic Timing Analyzer ; ben-PC           ; Windows Vista ; 6.1        ; x86_64         ;
+-------------------------+------------------+---------------+------------+----------------+


------------
; Flow Log ;
------------
quartus_map --read_settings_files=on --write_settings_files=off co2 -c co2
quartus_fit --read_settings_files=off --write_settings_files=off co2 -c co2
quartus_asm --read_settings_files=off --write_settings_files=off co2 -c co2
quartus_tan --read_settings_files=off --write_settings_files=off co2 -c co2 --timing_analysis_only



