--------------------------------------------------------------------------------------
Timing Analyzer Summary
--------------------------------------------------------------------------------------

Type           : Worst-case tsu
Slack          : 9.726 ns
Required Time  : 10.000 ns
Actual Time    : 0.274 ns
From           : altera_internal_jtag~SHIFTUSER
To             : pzdyqx:nabboc|pzdyqx_impl:pzdyqx_impl_inst|VELJ8121:JDCF0099|AJQN5180[4]
From Clock     : --
To Clock       : altera_internal_jtag~CLKDRUSER
Failed Paths   : 0

Type           : Worst-case tco
Slack          : N/A
Required Time  : None
Actual Time    : 5.873 ns
From           : nios_system:CPU|green_LEDs:the_green_LEDs|data_out[4]
To             : LEDG[4]
From Clock     : CLOCK_50
To Clock       : --
Failed Paths   : 0

Type           : Worst-case tpd
Slack          : N/A
Required Time  : None
Actual Time    : 2.898 ns
From           : altera_internal_jtag~TDO
To             : altera_reserved_tdo
From Clock     : --
To Clock       : --
Failed Paths   : 0

Type           : Worst-case th
Slack          : N/A
Required Time  : None
Actual Time    : 2.901 ns
From           : altera_internal_jtag~TDIUTAP
To             : pzdyqx:nabboc|pzdyqx_impl:pzdyqx_impl_inst|PZMU7345:HHRH5434|ATKJ2101[12]
From Clock     : --
To Clock       : altera_internal_jtag~CLKDRUSER
Failed Paths   : 0

Type           : Clock Setup: 'CLOCK_50'
Slack          : N/A
Required Time  : None
Actual Time    : 65.64 MHz ( period = 15.234 ns )
From           : nios_system:CPU|cpu_0:the_cpu_0|av_ld_or_div_done
To             : nios_system:CPU|cpu_0:the_cpu_0|M_pipe_flush
From Clock     : CLOCK_50
To Clock       : CLOCK_50
Failed Paths   : 0

Type           : Clock Setup: 'altera_internal_jtag~TCKUTAP'
Slack          : N/A
Required Time  : None
Actual Time    : 109.05 MHz ( period = 9.170 ns )
From           : sld_hub:auto_hub|irsr_reg[1]
To             : sld_hub:auto_hub|tdo
From Clock     : altera_internal_jtag~TCKUTAP
To Clock       : altera_internal_jtag~TCKUTAP
Failed Paths   : 0

Type           : Clock Setup: 'altera_internal_jtag~CLKDRUSER'
Slack          : N/A
Required Time  : None
Actual Time    : 415.11 MHz ( period = 2.409 ns )
From           : pzdyqx:nabboc|pzdyqx_impl:pzdyqx_impl_inst|VELJ8121:JDCF0099|AJQN5180[0]
To             : pzdyqx:nabboc|pzdyqx_impl:pzdyqx_impl_inst|VELJ8121:JDCF0099|DJFL8584[2]
From Clock     : altera_internal_jtag~CLKDRUSER
To Clock       : altera_internal_jtag~CLKDRUSER
Failed Paths   : 0

Type           : Clock Setup: 'altera_internal_jtag~UPDATEUSER'
Slack          : N/A
Required Time  : None
Actual Time    : Restricted to 500.00 MHz ( period = 2.000 ns )
From           : pzdyqx:nabboc|pzdyqx_impl:pzdyqx_impl_inst|XWDE0671[2]
To             : pzdyqx:nabboc|pzdyqx_impl:pzdyqx_impl_inst|XWDE0671[1]
From Clock     : altera_internal_jtag~UPDATEUSER
To Clock       : altera_internal_jtag~UPDATEUSER
Failed Paths   : 0

Type           : Total number of failed paths
Slack          : 
Required Time  : 
Actual Time    : 
From           : 
To             : 
From Clock     : 
To Clock       : 
Failed Paths   : 0

--------------------------------------------------------------------------------------

